// Jest Snapshot v1, https://goo.gl/fbAQLP

exports[`Footer tests Should match the snapshot 1`] = `
ShallowWrapper {
  "length": 1,
  Symbol(enzyme.__root__): [Circular],
  Symbol(enzyme.__unrendered__): <Footer />,
  Symbol(enzyme.__renderer__): Object {
    "batchedUpdates": [Function],
    "getNode": [Function],
    "render": [Function],
    "simulateEvent": [Function],
    "unmount": [Function],
  },
  Symbol(enzyme.__node__): Object {
    "instance": null,
    "key": undefined,
    "nodeType": "host",
    "props": Object {
      "children": <div
        className="wrapper"
>
        <span
                className="footer-copy"
        >
                Our Planet was designed and built by Hugh Hartigan as part of the curriculum at Turing School of Design & Software. Special thank yous are due to the World Wildlife Fund and BBC Nature, whose resources were used in the building of the Our Planet database, as well as the countless photographers that supplied their artwork online as a public resource.
        </span>
        <div
                className="footer-links"
        >
                <a
                        className="link"
                        href="mailto:hartigan.hm@gmail.com"
                >
                        <div
                                className="icon contact"
                        />
                        <span>
                                Contact
                        </span>
                </a>
                <a
                        className="link"
                        href="https://github.com/HartiganHM/our-planet"
                >
                        <div
                                className="icon github"
                        />
                        <span>
                                FE
                        </span>
                </a>
                <a
                        className="link"
                        href="https://github.com/HartiganHM/our-planet-be"
                >
                        <div
                                className="icon github"
                        />
                        <span>
                                BE
                        </span>
                </a>
        </div>
</div>,
      "className": "Footer",
    },
    "ref": null,
    "rendered": Object {
      "instance": null,
      "key": undefined,
      "nodeType": "host",
      "props": Object {
        "children": Array [
          <span
            className="footer-copy"
>
            Our Planet was designed and built by Hugh Hartigan as part of the curriculum at Turing School of Design & Software. Special thank yous are due to the World Wildlife Fund and BBC Nature, whose resources were used in the building of the Our Planet database, as well as the countless photographers that supplied their artwork online as a public resource.
</span>,
          <div
            className="footer-links"
>
            <a
                        className="link"
                        href="mailto:hartigan.hm@gmail.com"
            >
                        <div
                                    className="icon contact"
                        />
                        <span>
                                    Contact
                        </span>
            </a>
            <a
                        className="link"
                        href="https://github.com/HartiganHM/our-planet"
            >
                        <div
                                    className="icon github"
                        />
                        <span>
                                    FE
                        </span>
            </a>
            <a
                        className="link"
                        href="https://github.com/HartiganHM/our-planet-be"
            >
                        <div
                                    className="icon github"
                        />
                        <span>
                                    BE
                        </span>
            </a>
</div>,
        ],
        "className": "wrapper",
      },
      "ref": null,
      "rendered": Array [
        Object {
          "instance": null,
          "key": undefined,
          "nodeType": "host",
          "props": Object {
            "children": "Our Planet was designed and built by Hugh Hartigan as part of the curriculum at Turing School of Design & Software. Special thank yous are due to the World Wildlife Fund and BBC Nature, whose resources were used in the building of the Our Planet database, as well as the countless photographers that supplied their artwork online as a public resource.",
            "className": "footer-copy",
          },
          "ref": null,
          "rendered": "Our Planet was designed and built by Hugh Hartigan as part of the curriculum at Turing School of Design & Software. Special thank yous are due to the World Wildlife Fund and BBC Nature, whose resources were used in the building of the Our Planet database, as well as the countless photographers that supplied their artwork online as a public resource.",
          "type": "span",
        },
        Object {
          "instance": null,
          "key": undefined,
          "nodeType": "host",
          "props": Object {
            "children": Array [
              <a
                className="link"
                href="mailto:hartigan.hm@gmail.com"
>
                <div
                                className="icon contact"
                />
                <span>
                                Contact
                </span>
</a>,
              <a
                className="link"
                href="https://github.com/HartiganHM/our-planet"
>
                <div
                                className="icon github"
                />
                <span>
                                FE
                </span>
</a>,
              <a
                className="link"
                href="https://github.com/HartiganHM/our-planet-be"
>
                <div
                                className="icon github"
                />
                <span>
                                BE
                </span>
</a>,
            ],
            "className": "footer-links",
          },
          "ref": null,
          "rendered": Array [
            Object {
              "instance": null,
              "key": undefined,
              "nodeType": "host",
              "props": Object {
                "children": Array [
                  <div
                    className="icon contact"
/>,
                  <span>
                    Contact
</span>,
                ],
                "className": "link",
                "href": "mailto:hartigan.hm@gmail.com",
              },
              "ref": null,
              "rendered": Array [
                Object {
                  "instance": null,
                  "key": undefined,
                  "nodeType": "host",
                  "props": Object {
                    "className": "icon contact",
                  },
                  "ref": null,
                  "rendered": null,
                  "type": "div",
                },
                Object {
                  "instance": null,
                  "key": undefined,
                  "nodeType": "host",
                  "props": Object {
                    "children": "Contact",
                  },
                  "ref": null,
                  "rendered": "Contact",
                  "type": "span",
                },
              ],
              "type": "a",
            },
            Object {
              "instance": null,
              "key": undefined,
              "nodeType": "host",
              "props": Object {
                "children": Array [
                  <div
                    className="icon github"
/>,
                  <span>
                    FE
</span>,
                ],
                "className": "link",
                "href": "https://github.com/HartiganHM/our-planet",
              },
              "ref": null,
              "rendered": Array [
                Object {
                  "instance": null,
                  "key": undefined,
                  "nodeType": "host",
                  "props": Object {
                    "className": "icon github",
                  },
                  "ref": null,
                  "rendered": null,
                  "type": "div",
                },
                Object {
                  "instance": null,
                  "key": undefined,
                  "nodeType": "host",
                  "props": Object {
                    "children": "FE",
                  },
                  "ref": null,
                  "rendered": "FE",
                  "type": "span",
                },
              ],
              "type": "a",
            },
            Object {
              "instance": null,
              "key": undefined,
              "nodeType": "host",
              "props": Object {
                "children": Array [
                  <div
                    className="icon github"
/>,
                  <span>
                    BE
</span>,
                ],
                "className": "link",
                "href": "https://github.com/HartiganHM/our-planet-be",
              },
              "ref": null,
              "rendered": Array [
                Object {
                  "instance": null,
                  "key": undefined,
                  "nodeType": "host",
                  "props": Object {
                    "className": "icon github",
                  },
                  "ref": null,
                  "rendered": null,
                  "type": "div",
                },
                Object {
                  "instance": null,
                  "key": undefined,
                  "nodeType": "host",
                  "props": Object {
                    "children": "BE",
                  },
                  "ref": null,
                  "rendered": "BE",
                  "type": "span",
                },
              ],
              "type": "a",
            },
          ],
          "type": "div",
        },
      ],
      "type": "div",
    },
    "type": "div",
  },
  Symbol(enzyme.__nodes__): Array [
    Object {
      "instance": null,
      "key": undefined,
      "nodeType": "host",
      "props": Object {
        "children": <div
          className="wrapper"
>
          <span
                    className="footer-copy"
          >
                    Our Planet was designed and built by Hugh Hartigan as part of the curriculum at Turing School of Design & Software. Special thank yous are due to the World Wildlife Fund and BBC Nature, whose resources were used in the building of the Our Planet database, as well as the countless photographers that supplied their artwork online as a public resource.
          </span>
          <div
                    className="footer-links"
          >
                    <a
                              className="link"
                              href="mailto:hartigan.hm@gmail.com"
                    >
                              <div
                                        className="icon contact"
                              />
                              <span>
                                        Contact
                              </span>
                    </a>
                    <a
                              className="link"
                              href="https://github.com/HartiganHM/our-planet"
                    >
                              <div
                                        className="icon github"
                              />
                              <span>
                                        FE
                              </span>
                    </a>
                    <a
                              className="link"
                              href="https://github.com/HartiganHM/our-planet-be"
                    >
                              <div
                                        className="icon github"
                              />
                              <span>
                                        BE
                              </span>
                    </a>
          </div>
</div>,
        "className": "Footer",
      },
      "ref": null,
      "rendered": Object {
        "instance": null,
        "key": undefined,
        "nodeType": "host",
        "props": Object {
          "children": Array [
            <span
              className="footer-copy"
>
              Our Planet was designed and built by Hugh Hartigan as part of the curriculum at Turing School of Design & Software. Special thank yous are due to the World Wildlife Fund and BBC Nature, whose resources were used in the building of the Our Planet database, as well as the countless photographers that supplied their artwork online as a public resource.
</span>,
            <div
              className="footer-links"
>
              <a
                            className="link"
                            href="mailto:hartigan.hm@gmail.com"
              >
                            <div
                                          className="icon contact"
                            />
                            <span>
                                          Contact
                            </span>
              </a>
              <a
                            className="link"
                            href="https://github.com/HartiganHM/our-planet"
              >
                            <div
                                          className="icon github"
                            />
                            <span>
                                          FE
                            </span>
              </a>
              <a
                            className="link"
                            href="https://github.com/HartiganHM/our-planet-be"
              >
                            <div
                                          className="icon github"
                            />
                            <span>
                                          BE
                            </span>
              </a>
</div>,
          ],
          "className": "wrapper",
        },
        "ref": null,
        "rendered": Array [
          Object {
            "instance": null,
            "key": undefined,
            "nodeType": "host",
            "props": Object {
              "children": "Our Planet was designed and built by Hugh Hartigan as part of the curriculum at Turing School of Design & Software. Special thank yous are due to the World Wildlife Fund and BBC Nature, whose resources were used in the building of the Our Planet database, as well as the countless photographers that supplied their artwork online as a public resource.",
              "className": "footer-copy",
            },
            "ref": null,
            "rendered": "Our Planet was designed and built by Hugh Hartigan as part of the curriculum at Turing School of Design & Software. Special thank yous are due to the World Wildlife Fund and BBC Nature, whose resources were used in the building of the Our Planet database, as well as the countless photographers that supplied their artwork online as a public resource.",
            "type": "span",
          },
          Object {
            "instance": null,
            "key": undefined,
            "nodeType": "host",
            "props": Object {
              "children": Array [
                <a
                  className="link"
                  href="mailto:hartigan.hm@gmail.com"
>
                  <div
                                    className="icon contact"
                  />
                  <span>
                                    Contact
                  </span>
</a>,
                <a
                  className="link"
                  href="https://github.com/HartiganHM/our-planet"
>
                  <div
                                    className="icon github"
                  />
                  <span>
                                    FE
                  </span>
</a>,
                <a
                  className="link"
                  href="https://github.com/HartiganHM/our-planet-be"
>
                  <div
                                    className="icon github"
                  />
                  <span>
                                    BE
                  </span>
</a>,
              ],
              "className": "footer-links",
            },
            "ref": null,
            "rendered": Array [
              Object {
                "instance": null,
                "key": undefined,
                "nodeType": "host",
                "props": Object {
                  "children": Array [
                    <div
                      className="icon contact"
/>,
                    <span>
                      Contact
</span>,
                  ],
                  "className": "link",
                  "href": "mailto:hartigan.hm@gmail.com",
                },
                "ref": null,
                "rendered": Array [
                  Object {
                    "instance": null,
                    "key": undefined,
                    "nodeType": "host",
                    "props": Object {
                      "className": "icon contact",
                    },
                    "ref": null,
                    "rendered": null,
                    "type": "div",
                  },
                  Object {
                    "instance": null,
                    "key": undefined,
                    "nodeType": "host",
                    "props": Object {
                      "children": "Contact",
                    },
                    "ref": null,
                    "rendered": "Contact",
                    "type": "span",
                  },
                ],
                "type": "a",
              },
              Object {
                "instance": null,
                "key": undefined,
                "nodeType": "host",
                "props": Object {
                  "children": Array [
                    <div
                      className="icon github"
/>,
                    <span>
                      FE
</span>,
                  ],
                  "className": "link",
                  "href": "https://github.com/HartiganHM/our-planet",
                },
                "ref": null,
                "rendered": Array [
                  Object {
                    "instance": null,
                    "key": undefined,
                    "nodeType": "host",
                    "props": Object {
                      "className": "icon github",
                    },
                    "ref": null,
                    "rendered": null,
                    "type": "div",
                  },
                  Object {
                    "instance": null,
                    "key": undefined,
                    "nodeType": "host",
                    "props": Object {
                      "children": "FE",
                    },
                    "ref": null,
                    "rendered": "FE",
                    "type": "span",
                  },
                ],
                "type": "a",
              },
              Object {
                "instance": null,
                "key": undefined,
                "nodeType": "host",
                "props": Object {
                  "children": Array [
                    <div
                      className="icon github"
/>,
                    <span>
                      BE
</span>,
                  ],
                  "className": "link",
                  "href": "https://github.com/HartiganHM/our-planet-be",
                },
                "ref": null,
                "rendered": Array [
                  Object {
                    "instance": null,
                    "key": undefined,
                    "nodeType": "host",
                    "props": Object {
                      "className": "icon github",
                    },
                    "ref": null,
                    "rendered": null,
                    "type": "div",
                  },
                  Object {
                    "instance": null,
                    "key": undefined,
                    "nodeType": "host",
                    "props": Object {
                      "children": "BE",
                    },
                    "ref": null,
                    "rendered": "BE",
                    "type": "span",
                  },
                ],
                "type": "a",
              },
            ],
            "type": "div",
          },
        ],
        "type": "div",
      },
      "type": "div",
    },
  ],
  Symbol(enzyme.__options__): Object {
    "adapter": ReactSixteenAdapter {
      "options": Object {
        "enableComponentDidUpdateOnSetState": true,
      },
    },
  },
}
`;
