// Jest Snapshot v1, https://goo.gl/fbAQLP

exports[`Header tests Should match the snapshot 1`] = `
ShallowWrapper {
  "length": 1,
  Symbol(enzyme.__root__): [Circular],
  Symbol(enzyme.__unrendered__): <Header
    populateData={[Function]}
/>,
  Symbol(enzyme.__renderer__): Object {
    "batchedUpdates": [Function],
    "getNode": [Function],
    "render": [Function],
    "simulateEvent": [Function],
    "unmount": [Function],
  },
  Symbol(enzyme.__node__): Object {
    "instance": null,
    "key": undefined,
    "nodeType": "host",
    "props": Object {
      "children": <div
        className="wrapper"
>
        <span
                className="headerLogo"
        />
        <div
                className="nav-bar"
        >
                <NavLink
                        activeClassName="active"
                        ariaCurrent="true"
                        className="nav-button"
                        exact={true}
                        to="/our-planet/"
                >
                        Home
                </NavLink>
                <NavLink
                        activeClassName="active"
                        ariaCurrent="true"
                        className="nav-button"
                        exact={true}
                        to="/our-planet/about"
                >
                        About
                </NavLink>
        </div>
</div>,
      "className": "Header",
    },
    "ref": null,
    "rendered": Object {
      "instance": null,
      "key": undefined,
      "nodeType": "host",
      "props": Object {
        "children": Array [
          <span
            className="headerLogo"
/>,
          <div
            className="nav-bar"
>
            <NavLink
                        activeClassName="active"
                        ariaCurrent="true"
                        className="nav-button"
                        exact={true}
                        to="/our-planet/"
            >
                        Home
            </NavLink>
            <NavLink
                        activeClassName="active"
                        ariaCurrent="true"
                        className="nav-button"
                        exact={true}
                        to="/our-planet/about"
            >
                        About
            </NavLink>
</div>,
        ],
        "className": "wrapper",
      },
      "ref": null,
      "rendered": Array [
        Object {
          "instance": null,
          "key": undefined,
          "nodeType": "host",
          "props": Object {
            "className": "headerLogo",
          },
          "ref": null,
          "rendered": null,
          "type": "span",
        },
        Object {
          "instance": null,
          "key": undefined,
          "nodeType": "host",
          "props": Object {
            "children": Array [
              <NavLink
                activeClassName="active"
                ariaCurrent="true"
                className="nav-button"
                exact={true}
                to="/our-planet/"
>
                Home
</NavLink>,
              <NavLink
                activeClassName="active"
                ariaCurrent="true"
                className="nav-button"
                exact={true}
                to="/our-planet/about"
>
                About
</NavLink>,
            ],
            "className": "nav-bar",
          },
          "ref": null,
          "rendered": Array [
            Object {
              "instance": null,
              "key": undefined,
              "nodeType": "function",
              "props": Object {
                "activeClassName": "active",
                "ariaCurrent": "true",
                "children": "Home",
                "className": "nav-button",
                "exact": true,
                "to": "/our-planet/",
              },
              "ref": null,
              "rendered": "Home",
              "type": [Function],
            },
            Object {
              "instance": null,
              "key": undefined,
              "nodeType": "function",
              "props": Object {
                "activeClassName": "active",
                "ariaCurrent": "true",
                "children": "About",
                "className": "nav-button",
                "exact": true,
                "to": "/our-planet/about",
              },
              "ref": null,
              "rendered": "About",
              "type": [Function],
            },
          ],
          "type": "div",
        },
      ],
      "type": "div",
    },
    "type": "div",
  },
  Symbol(enzyme.__nodes__): Array [
    Object {
      "instance": null,
      "key": undefined,
      "nodeType": "host",
      "props": Object {
        "children": <div
          className="wrapper"
>
          <span
                    className="headerLogo"
          />
          <div
                    className="nav-bar"
          >
                    <NavLink
                              activeClassName="active"
                              ariaCurrent="true"
                              className="nav-button"
                              exact={true}
                              to="/our-planet/"
                    >
                              Home
                    </NavLink>
                    <NavLink
                              activeClassName="active"
                              ariaCurrent="true"
                              className="nav-button"
                              exact={true}
                              to="/our-planet/about"
                    >
                              About
                    </NavLink>
          </div>
</div>,
        "className": "Header",
      },
      "ref": null,
      "rendered": Object {
        "instance": null,
        "key": undefined,
        "nodeType": "host",
        "props": Object {
          "children": Array [
            <span
              className="headerLogo"
/>,
            <div
              className="nav-bar"
>
              <NavLink
                            activeClassName="active"
                            ariaCurrent="true"
                            className="nav-button"
                            exact={true}
                            to="/our-planet/"
              >
                            Home
              </NavLink>
              <NavLink
                            activeClassName="active"
                            ariaCurrent="true"
                            className="nav-button"
                            exact={true}
                            to="/our-planet/about"
              >
                            About
              </NavLink>
</div>,
          ],
          "className": "wrapper",
        },
        "ref": null,
        "rendered": Array [
          Object {
            "instance": null,
            "key": undefined,
            "nodeType": "host",
            "props": Object {
              "className": "headerLogo",
            },
            "ref": null,
            "rendered": null,
            "type": "span",
          },
          Object {
            "instance": null,
            "key": undefined,
            "nodeType": "host",
            "props": Object {
              "children": Array [
                <NavLink
                  activeClassName="active"
                  ariaCurrent="true"
                  className="nav-button"
                  exact={true}
                  to="/our-planet/"
>
                  Home
</NavLink>,
                <NavLink
                  activeClassName="active"
                  ariaCurrent="true"
                  className="nav-button"
                  exact={true}
                  to="/our-planet/about"
>
                  About
</NavLink>,
              ],
              "className": "nav-bar",
            },
            "ref": null,
            "rendered": Array [
              Object {
                "instance": null,
                "key": undefined,
                "nodeType": "function",
                "props": Object {
                  "activeClassName": "active",
                  "ariaCurrent": "true",
                  "children": "Home",
                  "className": "nav-button",
                  "exact": true,
                  "to": "/our-planet/",
                },
                "ref": null,
                "rendered": "Home",
                "type": [Function],
              },
              Object {
                "instance": null,
                "key": undefined,
                "nodeType": "function",
                "props": Object {
                  "activeClassName": "active",
                  "ariaCurrent": "true",
                  "children": "About",
                  "className": "nav-button",
                  "exact": true,
                  "to": "/our-planet/about",
                },
                "ref": null,
                "rendered": "About",
                "type": [Function],
              },
            ],
            "type": "div",
          },
        ],
        "type": "div",
      },
      "type": "div",
    },
  ],
  Symbol(enzyme.__options__): Object {
    "adapter": ReactSixteenAdapter {
      "options": Object {
        "enableComponentDidUpdateOnSetState": true,
      },
    },
  },
}
`;
