// Jest Snapshot v1, https://goo.gl/fbAQLP

exports[`App tests Should match the snapshot 1`] = `ShallowWrapper {}`;
