// Jest Snapshot v1, https://goo.gl/fbAQLP

exports[`InteractiveMap tests Should match the snapshot 1`] = `ShallowWrapper {}`;
